// Jest Snapshot v1, https://goo.gl/fbAQLP

exports[`should be able to be built on 1`] = `
Array [
  0,
  0,
  1,
  1,
]
`;

exports[`should construct to a random value 1`] = `
Array [
  1,
  1,
  1,
  1,
  1,
  1,
  1,
  1,
  1,
  1,
]
`;

exports[`should construct to a random value 2`] = `
Array [
  1,
  1,
  1,
  1,
  1,
]
`;

exports[`should flip bits 1`] = `
Array [
  1,
  0,
  1,
  0,
  1,
  0,
  1,
  1,
  1,
  1,
]
`;
